2024-10-03 10:35:12,894 [Worker-10: Loading available Gradle versions] INFO  o.e.b.c.i.u.g.PublishedGradleVersions - Gradle version information cache is up-to-date. Trying to read.
2024-10-03 11:32:53,947 [Worker-9: Loading available Gradle versions] INFO  o.e.b.c.i.u.g.PublishedGradleVersions - Gradle version information cache is up-to-date. Trying to read.
2024-10-03 11:38:14,420 [main] WARN  o.apache.axis.wsdl.fromJava.Types - The class org.tempuri.CalculatorSoap does not contain a default constructor, which is a requirement for a bean class.  The class cannot be converted into an xml schema type.  An xml schema anyType will be used to define this class in the wsdl file.
2024-10-03 11:39:52,506 [main] WARN  o.apache.axis.wsdl.fromJava.Types - The class java.lang.Class is defined in a java or javax package and cannot be converted into an xml schema type.  An xml schema anyType will be used to define this class in the wsdl file.
2024-10-03 11:39:52,507 [main] WARN  o.apache.axis.wsdl.fromJava.Types - The class java.rmi.Remote is defined in a java or javax package and cannot be converted into an xml schema type.  An xml schema anyType will be used to define this class in the wsdl file.
2024-10-03 11:40:39,704 [main] WARN  o.apache.axis.wsdl.fromJava.Types - The class org.apache.axis.message.SOAPHeaderElement does not contain a default constructor, which is a requirement for a bean class.  The class cannot be converted into an xml schema type.  An xml schema anyType will be used to define this class in the wsdl file.
2024-10-03 11:40:58,627 [main] WARN  o.apache.axis.wsdl.fromJava.Types - The class org.tempuri.CalculatorSoap does not contain a default constructor, which is a requirement for a bean class.  The class cannot be converted into an xml schema type.  An xml schema anyType will be used to define this class in the wsdl file.
2024-10-04 10:07:41,367 [Worker-3: Loading available Gradle versions] INFO  o.e.b.c.i.u.g.PublishedGradleVersions - Gradle version information cache is out-of-date. Trying to update.
2024-10-08 12:03:40,610 [Worker-3: Loading available Gradle versions] INFO  o.e.b.c.i.u.g.PublishedGradleVersions - Gradle version information cache is out-of-date. Trying to update.
2024-10-08 17:11:10,690 [Worker-10: Loading available Gradle versions] INFO  o.e.b.c.i.u.g.PublishedGradleVersions - Gradle version information cache is up-to-date. Trying to read.
2024-10-08 17:16:30,205 [Worker-11: Loading available Gradle versions] INFO  o.e.b.c.i.u.g.PublishedGradleVersions - Gradle version information cache is up-to-date. Trying to read.
2024-10-09 10:20:00,431 [Worker-10: Loading available Gradle versions] INFO  o.e.b.c.i.u.g.PublishedGradleVersions - Gradle version information cache is up-to-date. Trying to read.
2024-10-09 15:16:02,888 [main] WARN  o.apache.axis.wsdl.fromJava.Types - The class com.example.calculator.Calculator does not contain a default constructor, which is a requirement for a bean class.  The class cannot be converted into an xml schema type.  An xml schema anyType will be used to define this class in the wsdl file.
2024-10-09 15:24:54,438 [main] WARN  o.apache.axis.wsdl.fromJava.Types - The class com.example.calculator.Calculator does not contain a default constructor, which is a requirement for a bean class.  The class cannot be converted into an xml schema type.  An xml schema anyType will be used to define this class in the wsdl file.
2024-10-09 15:24:59,179 [main] WARN  o.apache.axis.wsdl.fromJava.Types - The class com.example.calculator.Calculator does not contain a default constructor, which is a requirement for a bean class.  The class cannot be converted into an xml schema type.  An xml schema anyType will be used to define this class in the wsdl file.
2024-10-09 15:29:54,442 [main] WARN  o.apache.axis.wsdl.fromJava.Types - The class com.example.calculator.Calculator does not contain a default constructor, which is a requirement for a bean class.  The class cannot be converted into an xml schema type.  An xml schema anyType will be used to define this class in the wsdl file.
2024-10-09 15:30:04,800 [main] WARN  o.apache.axis.wsdl.fromJava.Types - The class com.example.calculator.Calculator does not contain a default constructor, which is a requirement for a bean class.  The class cannot be converted into an xml schema type.  An xml schema anyType will be used to define this class in the wsdl file.
2024-10-09 15:31:18,188 [main] WARN  o.apache.axis.wsdl.fromJava.Types - The class com.example.calculator.Calculator does not contain a default constructor, which is a requirement for a bean class.  The class cannot be converted into an xml schema type.  An xml schema anyType will be used to define this class in the wsdl file.
2024-10-09 15:31:32,273 [main] WARN  o.apache.axis.wsdl.fromJava.Types - The class com.example.calculator.Calculator does not contain a default constructor, which is a requirement for a bean class.  The class cannot be converted into an xml schema type.  An xml schema anyType will be used to define this class in the wsdl file.
2024-10-09 15:31:38,471 [main] WARN  o.apache.axis.wsdl.fromJava.Types - The class com.example.calculator.Calculator does not contain a default constructor, which is a requirement for a bean class.  The class cannot be converted into an xml schema type.  An xml schema anyType will be used to define this class in the wsdl file.
2024-10-09 15:33:16,221 [main] WARN  o.apache.axis.wsdl.fromJava.Types - The class com.example.calculator.Calculator does not contain a default constructor, which is a requirement for a bean class.  The class cannot be converted into an xml schema type.  An xml schema anyType will be used to define this class in the wsdl file.
2024-10-09 15:33:19,463 [main] WARN  o.apache.axis.wsdl.fromJava.Types - The class com.example.calculator.Calculator does not contain a default constructor, which is a requirement for a bean class.  The class cannot be converted into an xml schema type.  An xml schema anyType will be used to define this class in the wsdl file.
2024-10-09 15:39:05,067 [main] WARN  o.apache.axis.wsdl.fromJava.Types - The class com.example.calculator.Calculator does not contain a default constructor, which is a requirement for a bean class.  The class cannot be converted into an xml schema type.  An xml schema anyType will be used to define this class in the wsdl file.
2024-10-09 15:39:31,101 [main] WARN  o.apache.axis.wsdl.fromJava.Types - The class com.example.calculator.Calculator does not contain a default constructor, which is a requirement for a bean class.  The class cannot be converted into an xml schema type.  An xml schema anyType will be used to define this class in the wsdl file.
2024-10-09 15:50:00,038 [main] WARN  o.apache.axis.wsdl.fromJava.Types - The class com.example.calculator.Calculator does not contain a default constructor, which is a requirement for a bean class.  The class cannot be converted into an xml schema type.  An xml schema anyType will be used to define this class in the wsdl file.
2024-10-09 15:58:08,868 [main] WARN  o.apache.axis.wsdl.fromJava.Types - The class com.example.calculator.Calculator does not contain a default constructor, which is a requirement for a bean class.  The class cannot be converted into an xml schema type.  An xml schema anyType will be used to define this class in the wsdl file.
2024-10-09 16:43:41,637 [main] WARN  o.apache.axis.wsdl.fromJava.Types - The class com.example.calculator.Calculator does not contain a default constructor, which is a requirement for a bean class.  The class cannot be converted into an xml schema type.  An xml schema anyType will be used to define this class in the wsdl file.
2024-10-09 16:54:52,415 [main] WARN  o.apache.axis.wsdl.fromJava.Types - The class com.example.calculator.Calculator does not contain a default constructor, which is a requirement for a bean class.  The class cannot be converted into an xml schema type.  An xml schema anyType will be used to define this class in the wsdl file.
2024-10-09 16:58:30,490 [main] WARN  o.apache.axis.wsdl.fromJava.Types - The class com.example.calculator.Calculator does not contain a default constructor, which is a requirement for a bean class.  The class cannot be converted into an xml schema type.  An xml schema anyType will be used to define this class in the wsdl file.
2024-10-09 16:58:35,287 [main] WARN  o.apache.axis.wsdl.fromJava.Types - The class com.example.calculator.Calculator does not contain a default constructor, which is a requirement for a bean class.  The class cannot be converted into an xml schema type.  An xml schema anyType will be used to define this class in the wsdl file.
2024-10-09 16:58:38,301 [main] WARN  o.apache.axis.wsdl.fromJava.Types - The class com.example.calculator.Calculator does not contain a default constructor, which is a requirement for a bean class.  The class cannot be converted into an xml schema type.  An xml schema anyType will be used to define this class in the wsdl file.
2024-10-09 17:03:34,409 [main] WARN  o.apache.axis.wsdl.fromJava.Types - The class com.example.calculator.Calculator does not contain a default constructor, which is a requirement for a bean class.  The class cannot be converted into an xml schema type.  An xml schema anyType will be used to define this class in the wsdl file.
2024-10-17 12:05:33,884 [Worker-8: Loading available Gradle versions] INFO  o.e.b.c.i.u.g.PublishedGradleVersions - Gradle version information cache is up-to-date. Trying to read.
2024-12-17 11:43:52,869 [Worker-9: Loading available Gradle versions] INFO  o.e.b.c.i.u.g.PublishedGradleVersions - Gradle version information cache is up-to-date. Trying to read.
